{
  "pair_seen": {
    "mean": 0.5128400259067357,
    "std": 0.002478230982397622,
    "per_seed": [
      0.5110913212435233,
      0.5140867875647669,
      0.513196243523316,
      0.5165155440414507,
      0.5093102331606217
    ]
  },
  "pair_recency": {
    "mean": 0.529388291569069,
    "std": 0.0027039037992632855,
    "per_seed": [
      0.52725668285558,
      0.5316748226462455,
      0.5302368776888305,
      0.5324614419179038,
      0.5253116327367848
    ]
  },
  "dst_recency": {
    "mean": 0.5685256257928065,
    "std": 0.0016966793082673673,
    "per_seed": [
      0.5689042721784477,
      0.5706937759654621,
      0.5660320395555921,
      0.5697893630533706,
      0.5672086782111601
    ]
  },
  "src_recency": {
    "mean": 0.5721086550771497,
    "std": 0.0019785351572721957,
    "per_seed": [
      0.5719354593621641,
      0.575466673077633,
      0.5721940521893205,
      0.5716802485469409,
      0.5692668422096901
    ]
  },
  "dst_freq": {
    "mean": 0.588363034389346,
    "std": 0.002638800267865044,
    "per_seed": [
      0.5861343252293686,
      0.5856730476405407,
      0.5886484447359325,
      0.5931084664185615,
      0.5882508879223268
    ]
  },
  "src_freq": {
    "mean": 0.5914515794467636,
    "std": 0.0020025751399886426,
    "per_seed": [
      0.5919516217088042,
      0.593327550005537,
      0.5932546401203723,
      0.5878959470807941,
      0.5908281383183106
    ]
  },
  "cn": {
    "mean": 0.5645416891435006,
    "std": 0.0024252843052542383,
    "per_seed": [
      0.5660021782254222,
      0.5637637844514283,
      0.5660928764446697,
      0.5667241066874279,
      0.5601254999085546
    ]
  },
  "aa": {
    "mean": 0.5644089910551291,
    "std": 0.002278843255370821,
    "per_seed": [
      0.5658055758418011,
      0.5636434215306115,
      0.565955878744228,
      0.566374920509611,
      0.5602651586493933
    ]
  },
  "cn_recent30": {
    "mean": 0.5278887127213148,
    "std": 0.0014344125454987759,
    "per_seed": [
      0.5286127909893554,
      0.5275681163420495,
      0.5288594943404521,
      0.5291731169586767,
      0.5252300449760396
    ]
  },
  "two_hop": {
    "mean": 0.5325448439052055,
    "std": 0.0011611302318080814,
    "per_seed": [
      0.531734532198012,
      0.5336235038398682,
      0.5331886269178367,
      0.5335189105328331,
      0.5306586460374775
    ]
  },
  "pref_attach": {
    "mean": 0.5793218599408709,
    "std": 0.0024537518687265713,
    "per_seed": [
      0.5775275505508537,
      0.5758877073461703,
      0.5814413510891232,
      0.582574351303894,
      0.5791783394143132
    ]
  },
  "dst_freq30": {
    "mean": 0.5610875197572418,
    "std": 0.0022408047827678344,
    "per_seed": [
      0.559617188758423,
      0.5611612869431059,
      0.5582753165353432,
      0.5649487994853889,
      0.561435007063948
    ]
  }
}
strata: {
  "newpos_vs_newneg": {
    "pair_seen": 0.6033,
    "pair_recency": 0.6033,
    "dst_recency": 0.5959,
    "src_recency": 0.593,
    "dst_freq": 0.554,
    "src_freq": 0.5453,
    "cn": 0.5262,
    "aa": 0.5261,
    "cn_recent30": 0.5195,
    "two_hop": 0.5136,
    "pref_attach": 0.5865,
    "dst_freq30": 0.576
  },
  "seenpos_vs_newneg": {
    "pair_seen": 1.0,
    "pair_recency": 1.0,
    "dst_recency": 0.7258,
    "src_recency": 0.7566,
    "dst_freq": 0.7571,
    "src_freq": 0.7703,
    "cn": 0.6673,
    "aa": 0.6674,
    "cn_recent30": 0.5762,
    "two_hop": 0.5949,
    "pref_attach": 0.8156,
    "dst_freq30": 0.7262
  },
  "allpos_vs_activeneg": {
    "pair_seen": 0.2649,
    "pair_recency": 0.2977,
    "dst_recency": 0.4896,
    "src_recency": 0.486,
    "dst_freq": 0.5408,
    "src_freq": 0.5466,
    "cn": 0.5457,
    "aa": 0.5455,
    "cn_recent30": 0.5134,
    "two_hop": 0.5186,
    "pref_attach": 0.4804,
    "dst_freq30": 0.4863
  }
}
neg active frac: {'0': 0.507610103626943, '1': 0.501619170984456, '2': 0.5034002590673575, '3': 0.49676165803108807, '4': 0.5111722797927462}
