seed 0: hist auroc 0.8653 MRR 0.3358
seed 1: hist auroc 0.8601 MRR 0.3176
seed 2: hist auroc 0.8497 MRR 0.3410
seed 3: hist auroc 0.8615 MRR 0.3389
seed 4: hist auroc 0.8479 MRR 0.3258
{
  "paired": {
    "random": {
      "auroc": [
        0.9792488661608365,
        0.9730806138461771,
        0.9754222245270007,
        0.9795063447592552,
        0.9781885792026296
      ],
      "ap": [
        0.9713626721808408,
        0.9647611269797417,
        0.9678801743856253,
        0.9764134659998384,
        0.9725614076367759
      ]
    },
    "historical": {
      "auroc": [
        0.8652521764426562,
        0.8601406717713899,
        0.8496745508268678,
        0.8615328022648259,
        0.8479300356637091
      ],
      "ap": [
        0.8775157781085665,
        0.8710076348724053,
        0.8628268342105925,
        0.8690647934716547,
        0.8589920847355365
      ]
    },
    "inductive": {
      "auroc": [
        0.5611410604143735,
        0.5679211816089023,
        0.5772672011748637,
        0.5812554321928105,
        0.576511793416434
      ],
      "ap": [
        0.5449875131141786,
        0.546355323706348,
        0.5538937918946726,
        0.5604734320629228,
        0.5525334422819577
      ]
    }
  },
  "ranking": {
    "mrr": {
      "all": [
        0.3357599085258826,
        0.3176133126202089,
        0.3410471878979875,
        0.33893920738998606,
        0.3258080054673703
      ],
      "seen": [
        0.5829020851470543,
        0.546006640441437,
        0.5937459863728979,
        0.5891721704919771,
        0.5630179719656297
      ],
      "unseen": [
        0.16586654339504445,
        0.16060850038026087,
        0.167334024793377,
        0.16692113767287967,
        0.16274235636638099
      ]
    },
    "hits1": {
      "all": [
        0.2694300518134715,
        0.2504857512953368,
        0.27444948186528495,
        0.27153497409326427,
        0.25680051813471505
      ],
      "seen": [
        0.47297297297297297,
        0.43402225755166934,
        0.4829093799682035,
        0.4781399046104928,
        0.4491255961844197
      ],
      "unseen": [
        0.12950819672131147,
        0.12431693989071038,
        0.13114754098360656,
        0.12950819672131147,
        0.12459016393442623
      ]
    },
    "hits10": {
      "all": [
        0.4493199481865285,
        0.43992875647668395,
        0.45579663212435234,
        0.45531088082901555,
        0.4496437823834197
      ],
      "seen": [
        0.7845786963434023,
        0.7591414944356121,
        0.7965023847376789,
        0.7945151033386327,
        0.7778219395866455
      ],
      "unseen": [
        0.21885245901639344,
        0.22049180327868853,
        0.22158469945355191,
        0.22213114754098362,
        0.22404371584699453
      ]
    },
    "hits100": {
      "all": [
        0.5935880829015544,
        0.584520725388601,
        0.5940738341968912,
        0.5979598445595855,
        0.5935880829015544
      ],
      "seen": [
        0.8986486486486487,
        0.9006359300476947,
        0.9085850556438791,
        0.9022257551669316,
        0.9002384737678856
      ],
      "unseen": [
        0.383879781420765,
        0.36721311475409835,
        0.3778688524590164,
        0.38879781420765025,
        0.38278688524590165
      ]
    }
  },
  "recency_mrr": 0.35403298198792565
}
